"","Mock1_F_filt.fastq.gz","Mock2_F_filt.fastq.gz","Mock3_F_filt.fastq.gz"
"ASV1",3749,6748,16855
"ASV2",3037,5648,10350
"ASV3",2038,3596,9814
"ASV4",1792,3369,9550
"ASV5",1818,3389,9169
"ASV6",2073,4352,6481
"ASV7",1587,2902,7034
"ASV8",1143,2711,6050
"ASV9",1495,2447,5412
"ASV10",1319,2354,3709
"ASV11",993,1597,4762
"ASV12",1595,3079,1979
"ASV13",1088,2752,2760
"ASV14",771,1728,3711
"ASV15",1408,2983,1184
"ASV16",828,1622,2576
"ASV17",581,1273,2119
"ASV18",502,935,1577
"ASV19",206,570,1105
"ASV20",199,537,994
"ASV21",0,0,718
"ASV22",0,210,498
"ASV23",0,0,504
"ASV24",51,70,13
"ASV25",19,0,0
"ASV26",16,0,0
"ASV27",0,16,0
"ASV28",0,13,0
"ASV29",0,12,0
"ASV30",0,0,9
"ASV31",0,0,8
"ASV32",7,0,0
"ASV33",7,0,0
"ASV34",5,0,0
"ASV35",4,0,0
"ASV36",0,4,0
"ASV37",0,4,0
"ASV38",0,0,4
"ASV39",2,0,0
"ASV40",2,0,0
"ASV41",2,0,0
